Microchip MPLAB XC8 Compiler V2.30

Linker command line:

-W-3 --edf=C:\Program Files\Microchip\xc8\v2.30\pic\dat\en_msgs.txt -cn \
  -h+dist/default/production\THE3.X.production.sym \
  --cmf=dist/default/production\THE3.X.production.cmf -z -Q18F8722 \
  -oC:\Users\Defne\AppData\Local\Temp\s6u4x2 --defsym=__MPLAB_BUILD=1 \
  -Mdist/default/production/THE3.X.production.map -E1 -ver=XC8 Compiler \
  --acfsm=1493 -ASTACK=0898h-0F5Fh -pstack=STACK -ACODE=00h-01FFFFh \
  -ACONST=00h-01FFFFh -ASMALLCONST=01000h-010FFhx496 \
  -AMEDIUMCONST=01000h-0FFFFh,011000h-01FFFFh -ACOMRAM=01h-05Fh \
  -AABS1=00h-0F5Fh -ABIGRAM=01h-0F5Fh \
  -ARAM=060h-0FFh,0100h-01FFhx14,0F00h-0F5Fh -ABANK0=060h-0FFh \
  -ABANK1=0100h-01FFh -ABANK2=0200h-02FFh -ABANK3=0300h-03FFh \
  -ABANK4=0400h-04FFh -ABANK5=0500h-05FFh -ABANK6=0600h-06FFh \
  -ABANK7=0700h-07FFh -ABANK8=0800h-08FFh -ABANK9=0900h-09FFh \
  -ABANK10=0A00h-0AFFh -ABANK11=0B00h-0BFFh -ABANK12=0C00h-0CFFh \
  -ABANK13=0D00h-0DFFh -ABANK14=0E00h-0EFFh -ABANK15=0F00h-0F5Fh \
  -ASFR=0F60h-0FFFh -ACONFIG=0300000h-030000Dh -AIDLOC=0200000h-0200007h \
  -AEEDATA=0F00000h-0F003FFh -peeprom_data=EEDATA \
  -preset_vec=00h,intcode=08h,intcodelo,powerup,init -pramtop=01000h \
  -psmallconst=SMALLCONST -pmediumconst=MEDIUMCONST -pconst=CONST \
  -AFARRAM=00h-00h \
  -prdata=COMRAM,nvrram=COMRAM,nvbit=COMRAM,rbss=COMRAM,rbit=COMRAM \
  -pfarbss=FARRAM,fardata=FARRAM,nvFARRAM=FARRAM \
  -pintsave_regs=BIGRAM,bigbss=BIGRAM,bigdata=BIGRAM -pbss=RAM \
  -pidata=CODE,irdata=CODE,ibigdata=CODE,ifardata=CODE -prparam=COMRAM \
  C:\Users\Defne\AppData\Local\Temp\s6u4x8.o \
  dist/default/production\THE3.X.production.o 

Object code version is 3.11

Machine type is 18F8722



                Name                               Link     Load   Length Selector   Space Scale
C:\Users\Defne\AppData\Local\Temp\s6u4x8.o
                idloc                            200000   200000        8        0       5
                config                           300000   300000        E        0       4
                init                                  E        E        4        4       0
                reset_vec                             0        0        4        0       0
dist/default/production\THE3.X.production.o
                intcode                               8        8        6        4       0
                idloc                            200000   200000        8        0       5
                config                           300000   300000        E        0       4
                temp                                 53       53        1        1       1
                text39                             29C6     29C6        E        4       0
                text38                             240C     240C       98        4       0
                text37                             29B8     29B8        E        4       0
                text36                             2682     2682       60        4       0
                text35                             1EA2     1EA2       D8        4       0
                text34                             2928     2928       28        4       0
                intcode_body                       1B4E     1B4E      138        4       0
                text32                             29AA     29AA        E        4       0
                text31                             2950     2950       26        4       0
                text30                             19E4     19E4      16A        4       0
                text29                             2990     2990       1A        4       0
                text28                             2976     2976       1A        4       0
                text27                             28FE     28FE       2A        4       0
                text26                             1F7A     1F7A       C4        4       0
                text25                             20EE     20EE       B0        4       0
                text24                             1D9A     1D9A      108        4       0
                text23                             29E0     29E0        6        4       0
                text22                             29DA     29DA        6        4       0
                text21                             2830     2830       38        4       0
                text20                             1C86     1C86      114        4       0
                text19                             28D0     28D0       2E        4       0
                text18                             25A0     25A0       72        4       0
                text17                             26E2     26E2       5A        4       0
                text16                             252C     252C       74        4       0
                text15                               12       12      722        4       0
                text14                             27E2     27E2       4E        4       0
                text13                              734      734      60A        4       0
                text12                              D3E      D3E      56E        4       0
                text11                             203E     203E       B0        4       0
                text10                             2612     2612       70        4       0
                text9                              2794     2794       4E        4       0
                text8                              1814     1814      1D0        4       0
                text7                              2374     2374       98        4       0
                text6                              22DC     22DC       98        4       0
                text5                              273C     273C       58        4       0
                text4                              2868     2868       36        4       0
                text3                              219E     219E       A4        4       0
                text2                              12AC     12AC      342        4       0
                text1                              24A4     24A4       88        4       0
                text0                              15EE     15EE      226        4       0
                cstackCOMRAM                          1        1       42        1       1
                cstackBANK1                         1F0      1F0        C      100       1
                cstackBANK2                         2A0      2A0       2A      200       1
                bssBIGRAM                           380      380      518      380       1
                bssBANK3                            300      300       80      300       1
                bssBANK2                            200      200       A0      200       1
                bssBANK1                            100      100       F0      100       1
                dataBANK0                            CE       CE       32       60       1
                bssBANK0                             60       60       6E       60       1
                dataCOMRAM                           4D       4D        6        1       1
                bssCOMRAM                            43       43        A        1       1
                cinit                              2242     2242       9A        4       0
                idataBANK0                         289E     289E       32        4       0
                idataCOMRAM                        29D4     29D4        6        4       0

TOTAL           Name                               Link     Load   Length     Space
        CLASS   STACK          

        CLASS   CODE           
                intcode                               8        8        6         0
                init                                  E        E        4         0
                reset_vec                             0        0        4         0
                text39                             29C6     29C6        E         0
                text38                             240C     240C       98         0
                text37                             29B8     29B8        E         0
                text36                             2682     2682       60         0
                text35                             1EA2     1EA2       D8         0
                text34                             2928     2928       28         0
                intcode_body                       1B4E     1B4E      138         0
                text32                             29AA     29AA        E         0
                text31                             2950     2950       26         0
                text30                             19E4     19E4      16A         0
                text29                             2990     2990       1A         0
                text28                             2976     2976       1A         0
                text27                             28FE     28FE       2A         0
                text26                             1F7A     1F7A       C4         0
                text25                             20EE     20EE       B0         0
                text24                             1D9A     1D9A      108         0
                text23                             29E0     29E0        6         0
                text22                             29DA     29DA        6         0
                text21                             2830     2830       38         0
                text20                             1C86     1C86      114         0
                text19                             28D0     28D0       2E         0
                text18                             25A0     25A0       72         0
                text17                             26E2     26E2       5A         0
                text16                             252C     252C       74         0
                text15                               12       12      722         0
                text14                             27E2     27E2       4E         0
                text13                              734      734      60A         0
                text12                              D3E      D3E      56E         0
                text11                             203E     203E       B0         0
                text10                             2612     2612       70         0
                text9                              2794     2794       4E         0
                text8                              1814     1814      1D0         0
                text7                              2374     2374       98         0
                text6                              22DC     22DC       98         0
                text5                              273C     273C       58         0
                text4                              2868     2868       36         0
                text3                              219E     219E       A4         0
                text2                              12AC     12AC      342         0
                text1                              24A4     24A4       88         0
                text0                              15EE     15EE      226         0
                cinit                              2242     2242       9A         0
                idataBANK0                         289E     289E       32         0
                idataCOMRAM                        29D4     29D4        6         0

        CLASS   CONST          

        CLASS   SMALLCONST     

        CLASS   MEDIUMCONST    

        CLASS   COMRAM         
                temp                                 53       53        1         1
                cstackCOMRAM                          1        1       42         1
                dataCOMRAM                           4D       4D        6         1
                bssCOMRAM                            43       43        A         1

        CLASS   ABS1           

        CLASS   BIGRAM         
                bssBIGRAM                           380      380      518         1

        CLASS   RAM            

        CLASS   BANK0          
                dataBANK0                            CE       CE       32         1
                bssBANK0                             60       60       6E         1

        CLASS   BANK1          
                cstackBANK1                         1F0      1F0        C         1
                bssBANK1                            100      100       F0         1

        CLASS   BANK2          
                cstackBANK2                         2A0      2A0       2A         1
                bssBANK2                            200      200       A0         1

        CLASS   BANK3          
                bssBANK3                            300      300       80         1

        CLASS   BANK4          

        CLASS   BANK5          

        CLASS   BANK6          

        CLASS   BANK7          

        CLASS   BANK8          

        CLASS   BANK9          

        CLASS   BANK10         

        CLASS   BANK11         

        CLASS   BANK12         

        CLASS   BANK13         

        CLASS   BANK14         

        CLASS   BANK15         

        CLASS   SFR            

        CLASS   CONFIG         
                config                           300000   300000        E         4

        CLASS   IDLOC          
                idloc                            200000   200000        8         5

        CLASS   EEDATA         

        CLASS   FARRAM         



SEGMENTS        Name                           Load    Length   Top    Selector   Space  Class

                reset_vec                      000000  000004  000004         0       0  CODE    
                cstackCOMRAM                   000001  000053  000054         1       1  COMRAM  
                intcode                        000008  0029DE  0029E6         4       0  CODE    
                bssBANK0                       000060  0000A0  000100        60       1  BANK0   
                bssBANK1                       000100  0000FC  0001FC       100       1  BANK1   
                bssBANK2                       000200  0000CA  0002CA       200       1  BANK2   
                bssBANK3                       000300  000080  000380       300       1  BANK3   
                bssBIGRAM                      000380  000518  000898       380       1  BIGRAM  


UNUSED ADDRESS RANGES

        Name                Unused          Largest block    Delta
        BANK1            0001FC-0001FF                4
        BANK10           000A00-000AFF              100
        BANK11           000B00-000BFF              100
        BANK12           000C00-000CFF              100
        BANK13           000D00-000DFF              100
        BANK14           000E00-000EFF              100
        BANK15           000F00-000F5F               60
        BANK2            0002CA-0002FF               36
        BANK8            000898-0008FF               68
        BANK9            000900-0009FF              100
        BIGRAM           000054-00005F                C
                         0001FC-0001FF                4
                         0002CA-0002FF               36
                         000898-000F5F              6C8
        CODE             000004-000007                4
                         0029E6-01FFFF            1D61A
        COMRAM           000054-00005F                C
        CONST            000004-000007                4
                         0029E6-01FFFF            1D61A
        EEDATA           F00000-F003FF              400
        MEDIUMCONST      0029E6-00FFFF             D61A
                         011000-01FFFF             F000
        RAM              0001FC-0001FF                4
                         0002CA-0002FF               36
                         000898-000F5F              100
        SFR              000F60-000FFF               A0
        SMALLCONST       0029E6-01FFFF              100
        STACK            000898-000F5F              6C8

                                  Symbol Table

?___awdiv                              cstackCOMRAM 00000D
?___awmod                              cstackCOMRAM 000015
?___wmul                               cstackCOMRAM 00000D
?_calculateFee                         cstackCOMRAM 000015
?_int_to_char                          cstackCOMRAM 00001B
?_level_to_index                       cstackCOMRAM 00000D
?_pop_car_queue                        cstackCOMRAM 00000D
?_pop_msg_queue                        cstackCOMRAM 00000D
_ADCON0                                (abs)        000FC2
_ADCON0bits                            (abs)        000FC2
_ADCON1                                (abs)        000FC1
_ADCON2                                (abs)        000FC0
_ADRESH                                (abs)        000FC4
_ADRESL                                (abs)        000FC3
_BAUDCON1bits                          (abs)        000F7E
_INTCON                                (abs)        000FF2
_INTCONbits                            (abs)        000FF2
_LATB                                  (abs)        000F8A
_LATH                                  (abs)        000F90
_LATJ                                  (abs)        000F91
_PIE1bits                              (abs)        000F9D
_PIR1bits                              (abs)        000F9E
_PORTB                                 (abs)        000F81
_RCONbits                              (abs)        000FD0
_RCREG1                                (abs)        000FAE
_RCSTA1bits                            (abs)        000FAB
_SPBRG1                                (abs)        000FAF
_SPBRGH1                               (abs)        000F7F
_T0CON                                 (abs)        000FD5
_T0CONbits                             (abs)        000FD5
_TMR0H                                 (abs)        000FD7
_TMR0L                                 (abs)        000FD6
_TRISB                                 (abs)        000F93
_TRISH                                 (abs)        000F99
_TRISJ                                 (abs)        000F9A
_TXREG1                                (abs)        000FAD
_TXSTA1bits                            (abs)        000FAC
__HRAM                                 (abs)        000000
__Habs1                                abs1         000000
__Hbank0                               bank0        000000
__Hbank1                               bank1        000000
__Hbank10                              bank10       000000
__Hbank11                              bank11       000000
__Hbank12                              bank12       000000
__Hbank13                              bank13       000000
__Hbank14                              bank14       000000
__Hbank15                              bank15       000000
__Hbank2                               bank2        000000
__Hbank3                               bank3        000000
__Hbank4                               bank4        000000
__Hbank5                               bank5        000000
__Hbank6                               bank6        000000
__Hbank7                               bank7        000000
__Hbank8                               bank8        000000
__Hbank9                               bank9        000000
__Hbigbss                              bigbss       000000
__Hbigdata                             bigdata      000000
__Hbigram                              bigram       000000
__Hbss                                 bss          000000
__HbssBANK0                            bssBANK0     000000
__HbssBANK1                            bssBANK1     000000
__HbssBANK2                            bssBANK2     000000
__HbssBANK3                            bssBANK3     000000
__HbssBIGRAM                           bssBIGRAM    000000
__HbssCOMRAM                           bssCOMRAM    000000
__Hcinit                               cinit        000000
__Hclrtext                             clrtext      000000
__Hcomram                              comram       000000
__Hconfig                              config       30000E
__Hconst                               const        000000
__HcstackBANK1                         cstackBANK1  000000
__HcstackBANK2                         cstackBANK2  000000
__HcstackCOMRAM                        cstackCOMRAM 000000
__Hdata                                data         000000
__HdataBANK0                           dataBANK0    000000
__HdataCOMRAM                          dataCOMRAM   000000
__Heeprom_data                         eeprom_data  000000
__Hfarbss                              farbss       000000
__Hfardata                             fardata      000000
__Hibigdata                            ibigdata     000000
__Hidata                               idata        000000
__HidataBANK0                          idataBANK0   000000
__HidataCOMRAM                         idataCOMRAM  000000
__Hidloc                               idloc        200008
__Hifardata                            ifardata     000000
__Hinit                                init         000012
__Hintcode                             intcode      00000E
__Hintcode_body                        intcode_body 000000
__Hintcodelo                           intcodelo    00000E
__Hintentry                            intentry     000000
__Hintret                              intret       000000
__Hintsave_regs                        intsave_regs 000000
__Hirdata                              irdata       000000
__Hmediumconst                         mediumconst  000000
__HnvFARRAM                            nvFARRAM     000000
__Hnvbit                               nvbit        000000
__Hnvrram                              nvrram       000000
__Hparam                               rparam       000000
__Hpowerup                             powerup      00000E
__Hram                                 ram          000000
__Hramtop                              ramtop       001000
__Hrbit                                rbit         000000
__Hrbss                                rbss         000000
__Hrdata                               rdata        000000
__Hreset_vec                           reset_vec    000004
__Hrparam                              rparam       000000
__Hsfr                                 sfr          000000
__Hsmallconst                          smallconst   000000
__Hspace_0                             (abs)        0029E6
__Hspace_1                             (abs)        000898
__Hspace_2                             (abs)        000000
__Hspace_4                             (abs)        60000E
__Hstack                               stack        000000
__Hstruct                              struct       000000
__Htemp                                temp         000054
__Htext                                text         000000
__Htext0                               text0        000000
__Htext1                               text1        000000
__Htext10                              text10       000000
__Htext11                              text11       000000
__Htext12                              text12       000000
__Htext13                              text13       000000
__Htext14                              text14       000000
__Htext15                              text15       000000
__Htext16                              text16       000000
__Htext17                              text17       000000
__Htext18                              text18       000000
__Htext19                              text19       000000
__Htext2                               text2        000000
__Htext20                              text20       000000
__Htext21                              text21       000000
__Htext22                              text22       000000
__Htext23                              text23       000000
__Htext24                              text24       000000
__Htext25                              text25       000000
__Htext26                              text26       000000
__Htext27                              text27       000000
__Htext28                              text28       000000
__Htext29                              text29       000000
__Htext3                               text3        000000
__Htext30                              text30       000000
__Htext31                              text31       000000
__Htext32                              text32       000000
__Htext34                              text34       000000
__Htext35                              text35       000000
__Htext36                              text36       000000
__Htext37                              text37       000000
__Htext38                              text38       000000
__Htext39                              text39       000000
__Htext4                               text4        000000
__Htext5                               text5        000000
__Htext6                               text6        000000
__Htext7                               text7        000000
__Htext8                               text8        000000
__Htext9                               text9        000000
__LRAM                                 (abs)        000001
__Labs1                                abs1         000000
__Lbank0                               bank0        000000
__Lbank1                               bank1        000000
__Lbank10                              bank10       000000
__Lbank11                              bank11       000000
__Lbank12                              bank12       000000
__Lbank13                              bank13       000000
__Lbank14                              bank14       000000
__Lbank15                              bank15       000000
__Lbank2                               bank2        000000
__Lbank3                               bank3        000000
__Lbank4                               bank4        000000
__Lbank5                               bank5        000000
__Lbank6                               bank6        000000
__Lbank7                               bank7        000000
__Lbank8                               bank8        000000
__Lbank9                               bank9        000000
__Lbigbss                              bigbss       000000
__Lbigdata                             bigdata      000000
__Lbigram                              bigram       000000
__Lbss                                 bss          000000
__LbssBANK0                            bssBANK0     000000
__LbssBANK1                            bssBANK1     000000
__LbssBANK2                            bssBANK2     000000
__LbssBANK3                            bssBANK3     000000
__LbssBIGRAM                           bssBIGRAM    000000
__LbssCOMRAM                           bssCOMRAM    000000
__Lcinit                               cinit        000000
__Lclrtext                             clrtext      000000
__Lcomram                              comram       000000
__Lconfig                              config       000000
__Lconst                               const        000000
__LcstackBANK1                         cstackBANK1  000000
__LcstackBANK2                         cstackBANK2  000000
__LcstackCOMRAM                        cstackCOMRAM 000000
__Ldata                                data         000000
__LdataBANK0                           dataBANK0    000000
__LdataCOMRAM                          dataCOMRAM   000000
__Leeprom_data                         eeprom_data  000000
__Lfarbss                              farbss       000000
__Lfardata                             fardata      000000
__Libigdata                            ibigdata     000000
__Lidata                               idata        000000
__LidataBANK0                          idataBANK0   000000
__LidataCOMRAM                         idataCOMRAM  000000
__Lidloc                               idloc        000000
__Lifardata                            ifardata     000000
__Linit                                init         00000E
__Lintcode                             intcode      000008
__Lintcode_body                        intcode_body 000000
__Lintcodelo                           intcodelo    00000E
__Lintentry                            intentry     000000
__Lintret                              intret       000000
__Lintsave_regs                        intsave_regs 000000
__Lirdata                              irdata       000000
__Lmediumconst                         mediumconst  000000
__LnvFARRAM                            nvFARRAM     000000
__Lnvbit                               nvbit        000000
__Lnvrram                              nvrram       000000
__Lparam                               rparam       000000
__Lpowerup                             powerup      00000E
__Lram                                 ram          000000
__Lramtop                              ramtop       001000
__Lrbit                                rbit         000000
__Lrbss                                rbss         000000
__Lrdata                               rdata        000000
__Lreset_vec                           reset_vec    000000
__Lrparam                              rparam       000000
__Lsfr                                 sfr          000000
__Lsmallconst                          smallconst   000000
__Lspace_0                             (abs)        000000
__Lspace_1                             (abs)        000000
__Lspace_2                             (abs)        000000
__Lspace_4                             (abs)        000000
__Lstack                               stack        000000
__Lstruct                              struct       000000
__Ltemp                                temp         000053
__Ltext                                text         000000
__Ltext0                               text0        000000
__Ltext1                               text1        000000
__Ltext10                              text10       000000
__Ltext11                              text11       000000
__Ltext12                              text12       000000
__Ltext13                              text13       000000
__Ltext14                              text14       000000
__Ltext15                              text15       000000
__Ltext16                              text16       000000
__Ltext17                              text17       000000
__Ltext18                              text18       000000
__Ltext19                              text19       000000
__Ltext2                               text2        000000
__Ltext20                              text20       000000
__Ltext21                              text21       000000
__Ltext22                              text22       000000
__Ltext23                              text23       000000
__Ltext24                              text24       000000
__Ltext25                              text25       000000
__Ltext26                              text26       000000
__Ltext27                              text27       000000
__Ltext28                              text28       000000
__Ltext29                              text29       000000
__Ltext3                               text3        000000
__Ltext30                              text30       000000
__Ltext31                              text31       000000
__Ltext32                              text32       000000
__Ltext34                              text34       000000
__Ltext35                              text35       000000
__Ltext36                              text36       000000
__Ltext37                              text37       000000
__Ltext38                              text38       000000
__Ltext39                              text39       000000
__Ltext4                               text4        000000
__Ltext5                               text5        000000
__Ltext6                               text6        000000
__Ltext7                               text7        000000
__Ltext8                               text8        000000
__Ltext9                               text9        000000
__S0                                   (abs)        0029E6
__S1                                   (abs)        000898
__S2                                   (abs)        000000
__S4                                   (abs)        000000
__S5                                   (abs)        000000
___awdiv                               text26       001F7A
___awdiv@counter                       cstackCOMRAM 000011
___awdiv@dividend                      cstackCOMRAM 00000D
___awdiv@divisor                       cstackCOMRAM 00000F
___awdiv@quotient                      cstackCOMRAM 000013
___awdiv@sign                          cstackCOMRAM 000012
___awmod                               text25       0020EE
___awmod@counter                       cstackCOMRAM 000019
___awmod@dividend                      cstackCOMRAM 000015
___awmod@divisor                       cstackCOMRAM 000017
___awmod@sign                          cstackCOMRAM 00001A
___extmem_base                         (abs)        020000
___inthi_sp                            stack        000000
___intlo_sp                            stack        000000
___param_bank                          (abs)        000000
___rparam_used                         (abs)        000001
___sp                                  stack        000000
___wmul                                text31       002950
___wmul@multiplicand                   cstackCOMRAM 00000F
___wmul@multiplier                     cstackCOMRAM 00000D
___wmul@product                        cstackCOMRAM 000011
__accesstop                            (abs)        000060
__activetblptr                         (abs)        000003
__end_of___awdiv                       text26       00203E
__end_of___awmod                       text25       00219E
__end_of___wmul                        text31       002976
__end_of__initialization               cinit        0022D2
__end_of_adc_isr                       text39       0029D4
__end_of_buf_isempty                   text36       0026E2
__end_of_buf_pop                       text35       001F7A
__end_of_buf_push                      text7        00240C
__end_of_calculateFee                  text19       0028FE
__end_of_disable_rxtx                  text23       0029E6
__end_of_enable_rxtx                   text22       0029E0
__end_of_execute_command               text11       0020EE
__end_of_exit                          text15       000734
__end_of_fill_outbuffer                text6        002374
__end_of_high_priority_isr             intcode_body 001C86
__end_of_init_adc                      text32       0029B8
__end_of_init_parking_lots             text30       001B4E
__end_of_init_ports                    text29       0029AA
__end_of_init_serial                   text28       002990
__end_of_init_timer_and_pie            text27       002928
__end_of_int_to_7segment               text24       001EA2
__end_of_int_to_char                   text4        00289E
__end_of_level_to_index                text18       002612
__end_of_licence_to_int                text10       002682
__end_of_main                          text0        001814
__end_of_output_task                   text21       002868
__end_of_packet_task                   text20       001D9A
__end_of_park_spot_to_int              text9        0027E2
__end_of_park_the_car                  text13       000D3E
__end_of_pop_car_queue                 text17       00273C
__end_of_pop_msg_queue                 text3        002242
__end_of_push_car_queue                text14       002830
__end_of_push_msg_queue                text16       0025A0
__end_of_read_packet                   text8        0019E4
__end_of_receive_isr                   text37       0029C6
__end_of_reserve_the_lot               text12       0012AC
__end_of_send_empty_spaces_packet      text5        002794
__end_of_send_packet                   text2        0015EE
__end_of_set_digit_pin                 text1        00252C
__end_of_transmit_isr                  text34       002950
__end_ofi2_buf_push                    text38       0024A4
__initialization                       cinit        002242
__mediumconst                          mediumconst  000000
__pbssBANK0                            bssBANK0     000060
__pbssBANK1                            bssBANK1     000100
__pbssBANK2                            bssBANK2     000200
__pbssBANK3                            bssBANK3     000300
__pbssBIGRAM                           bssBIGRAM    000380
__pbssCOMRAM                           bssCOMRAM    000043
__pcinit                               cinit        002242
__pcstackBANK1                         cstackBANK1  0001F0
__pcstackBANK2                         cstackBANK2  0002A0
__pcstackCOMRAM                        cstackCOMRAM 000001
__pdataBANK0                           dataBANK0    0000CE
__pdataCOMRAM                          dataCOMRAM   00004D
__pidataBANK0                          idataBANK0   00289E
__pidataCOMRAM                         idataCOMRAM  0029D4
__pintcode                             intcode      000008
__pintcode_body                        intcode_body 001B4E
__ptext0                               text0        0015EE
__ptext1                               text1        0024A4
__ptext10                              text10       002612
__ptext11                              text11       00203E
__ptext12                              text12       000D3E
__ptext13                              text13       000734
__ptext14                              text14       0027E2
__ptext15                              text15       000012
__ptext16                              text16       00252C
__ptext17                              text17       0026E2
__ptext18                              text18       0025A0
__ptext19                              text19       0028D0
__ptext2                               text2        0012AC
__ptext20                              text20       001C86
__ptext21                              text21       002830
__ptext22                              text22       0029DA
__ptext23                              text23       0029E0
__ptext24                              text24       001D9A
__ptext25                              text25       0020EE
__ptext26                              text26       001F7A
__ptext27                              text27       0028FE
__ptext28                              text28       002976
__ptext29                              text29       002990
__ptext3                               text3        00219E
__ptext30                              text30       0019E4
__ptext31                              text31       002950
__ptext32                              text32       0029AA
__ptext34                              text34       002928
__ptext35                              text35       001EA2
__ptext36                              text36       002682
__ptext37                              text37       0029B8
__ptext38                              text38       00240C
__ptext39                              text39       0029C6
__ptext4                               text4        002868
__ptext5                               text5        00273C
__ptext6                               text6        0022DC
__ptext7                               text7        002374
__ptext8                               text8        001814
__ptext9                               text9        002794
__ramtop                               ramtop       001000
__size_of___awdiv                      (abs)        000000
__size_of___awmod                      (abs)        000000
__size_of___wmul                       (abs)        000000
__size_of_adc_isr                      (abs)        000000
__size_of_buf_isempty                  (abs)        000000
__size_of_buf_pop                      (abs)        000000
__size_of_buf_push                     (abs)        000000
__size_of_calculateFee                 (abs)        000000
__size_of_disable_rxtx                 (abs)        000000
__size_of_enable_rxtx                  (abs)        000000
__size_of_execute_command              (abs)        000000
__size_of_exit                         (abs)        000000
__size_of_fill_outbuffer               (abs)        000000
__size_of_high_priority_isr            (abs)        000000
__size_of_init_adc                     (abs)        000000
__size_of_init_parking_lots            (abs)        000000
__size_of_init_ports                   (abs)        000000
__size_of_init_serial                  (abs)        000000
__size_of_init_timer_and_pie           (abs)        000000
__size_of_int_to_7segment              (abs)        000000
__size_of_int_to_char                  (abs)        000000
__size_of_level_to_index               (abs)        000000
__size_of_licence_to_int               (abs)        000000
__size_of_main                         (abs)        000000
__size_of_output_task                  (abs)        000000
__size_of_packet_task                  (abs)        000000
__size_of_park_spot_to_int             (abs)        000000
__size_of_park_the_car                 (abs)        000000
__size_of_pop_car_queue                (abs)        000000
__size_of_pop_msg_queue                (abs)        000000
__size_of_push_car_queue               (abs)        000000
__size_of_push_msg_queue               (abs)        000000
__size_of_read_packet                  (abs)        000000
__size_of_receive_isr                  (abs)        000000
__size_of_reserve_the_lot              (abs)        000000
__size_of_send_empty_spaces_packet     (abs)        000000
__size_of_send_packet                  (abs)        000000
__size_of_set_digit_pin                (abs)        000000
__size_of_transmit_isr                 (abs)        000000
__size_ofi2_buf_push                   (abs)        000000
__smallconst                           smallconst   000000
_adc_counter                           dataBANK0    0000FE
_adc_isr                               text39       0029C6
_adc_level                             bssBANK0     0000C8
_buf_isempty                           text36       002682
_buf_pop                               text35       001EA2
_buf_push                              text7        002374
_calculateFee                          text19       0028D0
_car_queue_size                        bssBANK0     0000AA
_check_adc_flag                        dataBANK0    0000FC
_curr_message_state                    bssBANK0     0000CD
_curr_out                              bssBANK0     0000B0
_digit                                 bssBANK0     0000B8
_disable_rxtx                          text23       0029E0
_display_digits                        dataBANK0    0000F2
_display_level                         bssBANK0     0000B4
_display_total_money                   dataBANK0    0000FA
_empty_reserved_slots                  bssBANK0     0000A0
_empty_spaces                          dataBANK0    0000EA
_enable_rxtx                           text22       0029DA
_execute_command                       text11       00203E
_exit                                  text15       000012
_fill_outbuffer                        text6        0022DC
_finished                              bssBANK0     0000C6
_general_counter                       bssCOMRAM    000049
_head                                  bssCOMRAM    000045
_headX                                 bssBANK0     00009E
_head_car_queue                        bssBANK0     0000AE
_head_msg_queue                        bssBANK0     0000A8
_high_priority_isr                     intcode      000008
_inbuf                                 bssBANK3     000300
_init_adc                              text32       0029AA
_init_parking_lots                     text30       0019E4
_init_ports                            text29       002990
_init_serial                           text28       002976
_init_timer_and_pie                    text27       0028FE
_int_to_7segment                       text24       001D9A
_int_to_char                           text4        002868
_level                                 dataCOMRAM   000051
_level_to_index                        text18       0025A0
_licence_number                        bssBANK0     0000C4
_licence_to_int                        text10       002612
_main                                  text0        0015EE
_message_counter                       bssBANK0     0000C0
_message_num                           bssBANK0     0000BE
_msg_queue                             bssBIGRAM    000380
_msg_queue_size                        bssBANK0     0000A4
_out_valid                             bssBANK0     0000BC
_outbuf                                bssBANK2     000200
_output_task                           text21       002830
_packet_task                           text20       001C86
_parkA                                 bssBANK1     0001B4
_parkB                                 bssBANK1     000178
_parkC                                 bssBANK1     00013C
_parkD                                 bssBANK1     000100
_park_spot                             bssBANK0     0000C2
_park_spot_to_int                      text9        002794
_park_the_car                          text13       000734
_pkt_body                              bssBANK0     000088
_pkt_bodysize                          bssCOMRAM    00004C
_pkt_id                                bssBANK0     0000CB
_pkt_out                               bssBANK0     000074
_pkt_outsize                           bssBANK0     0000CA
_pkt_state                             bssBANK0     0000CC
_pkt_valid                             bssCOMRAM    00004B
_pop_car_queue                         text17       0026E2
_pop_msg_queue                         text3        00219E
_prev_rb4                              dataCOMRAM   000052
_push_car_queue                        text14       0027E2
_push_msg_queue                        text16       00252C
_read_adc_value                        bssBANK0     0000B2
_read_packet                           text8        001814
_receive_isr                           text37       0029B8
_reserveArr                            bssBIGRAM    000780
_reserveIndex                          bssCOMRAM    000047
_reserve_the_lot                       text12       000D3E
_send_empty_spaces_packet              text5        00273C
_send_packet                           text2        0012AC
_set_digit_pin                         text1        0024A4
_slot_number                           bssBANK0     0000A2
_tail                                  bssCOMRAM    000043
_tailX                                 bssBANK0     00009C
_tail_car_queue                        bssBANK0     0000AC
_tail_msg_queue                        bssBANK0     0000A6
_total_empty_slots                     dataCOMRAM   00004D
_total_money                           bssBANK0     0000B6
_transmit_isr                          text34       002928
_update_display                        bssBANK0     0000BA
_wait_queue                            bssBANK2     000280
_waiting                               dataCOMRAM   00004F
btemp                                  temp         000053
buf_isempty@buf                        cstackCOMRAM 000003
buf_pop@buf                            cstackCOMRAM 000007
buf_pop@v                              cstackCOMRAM 000006
buf_push@buf                           cstackCOMRAM 00000D
buf_push@v                             cstackCOMRAM 000010
calculateFee@difference                cstackCOMRAM 000017
calculateFee@entranceTime              cstackCOMRAM 000015
end_of_initialization                  cinit        0022D2
execute_command@message                cstackCOMRAM 000042
execute_command@plateNumber            cstackBANK1  0001F0
execute_command@slotNumber             cstackBANK1  0001F2
exit@carToExit                         cstackCOMRAM 000019
exit@entranceTime                      cstackCOMRAM 00001F
exit@exit_car_level                    cstackCOMRAM 00003D
exit@exit_car_slot                     cstackCOMRAM 00003E
exit@fee                               cstackCOMRAM 00001D
exit@i                                 cstackCOMRAM 000033
exit@i_881                             cstackCOMRAM 000040
exit@msg                               cstackCOMRAM 000021
exit@msg_884                           cstackCOMRAM 000029
exit@popped_car                        cstackCOMRAM 000031
exit@space_msg                         cstackCOMRAM 000035
fill_outbuffer@i                       cstackCOMRAM 000014
fill_outbuffer@i_776                   cstackCOMRAM 000016
high_priority_isr@portb                cstackCOMRAM 00000C
i2_buf_push                            text38       00240C
i2buf_push@buf                         cstackCOMRAM 000001
i2buf_push@v                           cstackCOMRAM 000004
init_parking_lots@i                    cstackCOMRAM 000013
int$flags                              temp         000053
int_func                               intcode_body 001B4E
int_to_7segment@F5104                  dataBANK0    0000CE
int_to_7segment@digits                 cstackBANK2  0002B4
int_to_7segment@i                      cstackBANK2  0002C8
int_to_7segment@number                 cstackCOMRAM 00001B
int_to_7segment@numbers                cstackBANK2  0002A0
int_to_char@divider                    cstackCOMRAM 00001D
int_to_char@val                        cstackCOMRAM 00001B
intlevel0                              text         000000
intlevel1                              text         000000
intlevel2                              text         000000
intlevel3                              text         000000
level_to_index@level_char              cstackCOMRAM 000011
licence_to_int@a                       cstackCOMRAM 000019
licence_to_int@b                       cstackCOMRAM 000013
licence_to_int@c                       cstackCOMRAM 000014
main@empty                             cstackBANK1  0001F8
main@result                            cstackBANK1  0001FA
packet_task@v                          cstackCOMRAM 00000F
park_spot_to_int@a                     cstackCOMRAM 000018
park_spot_to_int@b                     cstackCOMRAM 000013
park_the_car@carToPark                 cstackCOMRAM 000019
park_the_car@flag                      cstackCOMRAM 00001D
park_the_car@i                         cstackCOMRAM 00002F
park_the_car@i_846                     cstackCOMRAM 000031
park_the_car@i_847                     cstackCOMRAM 000033
park_the_car@i_848                     cstackCOMRAM 000035
park_the_car@i_849                     cstackCOMRAM 000037
park_the_car@msg                       cstackCOMRAM 00001F
park_the_car@msg_850                   cstackCOMRAM 000027
pop_car_queue@licence                  cstackCOMRAM 000011
pop_msg_queue@F5058                    dataBANK0    0000E2
pop_msg_queue@empty                    cstackCOMRAM 000017
pop_msg_queue@m                        cstackCOMRAM 00001F
push_car_queue@licence_num             cstackCOMRAM 00000D
push_msg_queue@msg                     cstackCOMRAM 00000D
push_msg_queue@next_tail               cstackCOMRAM 000017
reserve_the_lot@carToReserve           cstackCOMRAM 000019
reserve_the_lot@msg                    cstackCOMRAM 000023
reserve_the_lot@slotNumber             cstackCOMRAM 00001B
reserve_the_lot@successful_reservation cstackCOMRAM 000021
send_packet@msg                        cstackCOMRAM 000029
stackhi                                (abs)        000F5F
stacklo                                (abs)        000898
start                                  init         00000E
start_initialization                   cinit        002242
ttemp5                                 temp         000054
ttemp6                                 temp         000057
ttemp7                                 temp         00005B
wtemp8                                 temp         000054


FUNCTION INFORMATION:

 *************** function _main *****************
 Defined at:
		line 948 in file "main.c"
 Parameters:    Size  Location     Type
		None
 Auto vars:     Size  Location     Type
  empty           2    8[BANK1 ] int 
  result          2   10[BANK1 ] unsigned short 
 Return value:  Size  Location     Type
                  1    wreg      void 
 Registers used:
		wreg, fsr0l, fsr0h, fsr1l, fsr1h, fsr2l, fsr2h, status,2, status,0, prodl, prodh, cstack
 Tracked objects:
		On entry : 
		On exit  : 
		Unchanged: 
 Data sizes:     COMRAM   BANK0   BANK1   BANK2   BANK3   BANK4   BANK5   BANK6   BANK7   BANK8   BANK9  BANK10  BANK11  BANK12  BANK13  BANK14  BANK15
      Params:         0       0       0       0       0       0       0       0       0       0       0       0       0       0       0       0       0
      Locals:         0       0       4       0       0       0       0       0       0       0       0       0       0       0       0       0       0
      Temps:          0       0       2       0       0       0       0       0       0       0       0       0       0       0       0       0       0
      Totals:         0       0       6       0       0       0       0       0       0       0       0       0       0       0       0       0       0
Total ram usage:        6 bytes
 Hardware stack levels required when called:    9
 This function calls:
		_init_adc
		_init_parking_lots
		_init_ports
		_init_serial
		_init_timer_and_pie
		_int_to_7segment
		_level_to_index
		_output_task
		_packet_task
		_read_packet
		_send_empty_spaces_packet
		_send_packet
		_set_digit_pin
 This function is called by:
		Startup code after reset
 This function uses a non-reentrant model


 *************** function _set_digit_pin *****************
 Defined at:
		line 920 in file "main.c"
 Parameters:    Size  Location     Type
		None
 Auto vars:     Size  Location     Type
		None
 Return value:  Size  Location     Type
                  1    wreg      void 
 Registers used:
		wreg, status,2, status,0
 Tracked objects:
		On entry : 
		On exit  : 
		Unchanged: 
 Data sizes:     COMRAM   BANK0   BANK1   BANK2   BANK3   BANK4   BANK5   BANK6   BANK7   BANK8   BANK9  BANK10  BANK11  BANK12  BANK13  BANK14  BANK15
      Params:         0       0       0       0       0       0       0       0       0       0       0       0       0       0       0       0       0
      Locals:         0       0       0       0       0       0       0       0       0       0       0       0       0       0       0       0       0
      Temps:          2       0       0       0       0       0       0       0       0       0       0       0       0       0       0       0       0
      Totals:         2       0       0       0       0       0       0       0       0       0       0       0       0       0       0       0       0
Total ram usage:        2 bytes
 Hardware stack levels used:    1
 Hardware stack levels required when called:    4
 This function calls:
		Nothing
 This function is called by:
		_main
 This function uses a non-reentrant model


 *************** function _send_packet *****************
 Defined at:
		line 441 in file "main.c"
 Parameters:    Size  Location     Type
		None
 Auto vars:     Size  Location     Type
  msg             8   40[COMRAM] struct out_msg
 Return value:  Size  Location     Type
                  1    wreg      void 
 Registers used:
		wreg, fsr0l, fsr0h, fsr1l, fsr1h, fsr2l, fsr2h, status,2, status,0, cstack
 Tracked objects:
		On entry : 
		On exit  : 
		Unchanged: 
 Data sizes:     COMRAM   BANK0   BANK1   BANK2   BANK3   BANK4   BANK5   BANK6   BANK7   BANK8   BANK9  BANK10  BANK11  BANK12  BANK13  BANK14  BANK15
      Params:         0       0       0       0       0       0       0       0       0       0       0       0       0       0       0       0       0
      Locals:         8       0       0       0       0       0       0       0       0       0       0       0       0       0       0       0       0
      Temps:          2       0       0       0       0       0       0       0       0       0       0       0       0       0       0       0       0
      Totals:        10       0       0       0       0       0       0       0       0       0       0       0       0       0       0       0       0
Total ram usage:       10 bytes
 Hardware stack levels used:    1
 Hardware stack levels required when called:    6
 This function calls:
		___awdiv
		___awmod
		_fill_outbuffer
		_int_to_char
		_pop_msg_queue
 This function is called by:
		_main
 This function uses a non-reentrant model


 *************** function _pop_msg_queue *****************
 Defined at:
		line 571 in file "main.c"
 Parameters:    Size  Location     Type
		None
 Auto vars:     Size  Location     Type
  m               8   30[COMRAM] struct out_msg
  empty           8   22[COMRAM] struct out_msg
 Return value:  Size  Location     Type
                  8   12[COMRAM] struct out_msg
 Registers used:
		wreg, fsr0l, fsr0h, fsr1l, fsr1h, fsr2l, fsr2h, status,2, status,0
 Tracked objects:
		On entry : 
		On exit  : 
		Unchanged: 
 Data sizes:     COMRAM   BANK0   BANK1   BANK2   BANK3   BANK4   BANK5   BANK6   BANK7   BANK8   BANK9  BANK10  BANK11  BANK12  BANK13  BANK14  BANK15
      Params:         8       0       0       0       0       0       0       0       0       0       0       0       0       0       0       0       0
      Locals:        16       0       0       0       0       0       0       0       0       0       0       0       0       0       0       0       0
      Temps:          2       0       0       0       0       0       0       0       0       0       0       0       0       0       0       0       0
      Totals:        26       0       0       0       0       0       0       0       0       0       0       0       0       0       0       0       0
Total ram usage:       26 bytes
 Hardware stack levels used:    1
 Hardware stack levels required when called:    4
 This function calls:
		Nothing
 This function is called by:
		_send_packet
 This function uses a non-reentrant model


 *************** function _int_to_char *****************
 Defined at:
		line 870 in file "main.c"
 Parameters:    Size  Location     Type
  val             2   26[COMRAM] int 
  divider         2   28[COMRAM] int 
 Auto vars:     Size  Location     Type
		None
 Return value:  Size  Location     Type
                  2   26[COMRAM] int 
 Registers used:
		wreg, status,2, status,0, cstack
 Tracked objects:
		On entry : 
		On exit  : 
		Unchanged: 
 Data sizes:     COMRAM   BANK0   BANK1   BANK2   BANK3   BANK4   BANK5   BANK6   BANK7   BANK8   BANK9  BANK10  BANK11  BANK12  BANK13  BANK14  BANK15
      Params:         4       0       0       0       0       0       0       0       0       0       0       0       0       0       0       0       0
      Locals:         0       0       0       0       0       0       0       0       0       0       0       0       0       0       0       0       0
      Temps:          0       0       0       0       0       0       0       0       0       0       0       0       0       0       0       0       0
      Totals:         4       0       0       0       0       0       0       0       0       0       0       0       0       0       0       0       0
Total ram usage:        4 bytes
 Hardware stack levels used:    1
 Hardware stack levels required when called:    5
 This function calls:
		___awdiv
		___awmod
 This function is called by:
		_send_packet
 This function uses a non-reentrant model


 *************** function _send_empty_spaces_packet *****************
 Defined at:
		line 875 in file "main.c"
 Parameters:    Size  Location     Type
		None
 Auto vars:     Size  Location     Type
		None
 Return value:  Size  Location     Type
                  1    wreg      void 
 Registers used:
		wreg, fsr2l, fsr2h, status,2, status,0, cstack
 Tracked objects:
		On entry : 
		On exit  : 
		Unchanged: 
 Data sizes:     COMRAM   BANK0   BANK1   BANK2   BANK3   BANK4   BANK5   BANK6   BANK7   BANK8   BANK9  BANK10  BANK11  BANK12  BANK13  BANK14  BANK15
      Params:         0       0       0       0       0       0       0       0       0       0       0       0       0       0       0       0       0
      Locals:         0       0       0       0       0       0       0       0       0       0       0       0       0       0       0       0       0
      Temps:          0       0       0       0       0       0       0       0       0       0       0       0       0       0       0       0       0
      Totals:         0       0       0       0       0       0       0       0       0       0       0       0       0       0       0       0       0
Total ram usage:        0 bytes
 Hardware stack levels used:    1
 Hardware stack levels required when called:    6
 This function calls:
		___awdiv
		___awmod
		_fill_outbuffer
 This function is called by:
		_main
 This function uses a non-reentrant model


 *************** function _fill_outbuffer *****************
 Defined at:
		line 429 in file "main.c"
 Parameters:    Size  Location     Type
		None
 Auto vars:     Size  Location     Type
  i               2   21[COMRAM] int 
  i               2   19[COMRAM] int 
 Return value:  Size  Location     Type
                  1    wreg      void 
 Registers used:
		wreg, fsr2l, fsr2h, status,2, status,0, cstack
 Tracked objects:
		On entry : 
		On exit  : 
		Unchanged: 
 Data sizes:     COMRAM   BANK0   BANK1   BANK2   BANK3   BANK4   BANK5   BANK6   BANK7   BANK8   BANK9  BANK10  BANK11  BANK12  BANK13  BANK14  BANK15
      Params:         0       0       0       0       0       0       0       0       0       0       0       0       0       0       0       0       0
      Locals:         4       0       0       0       0       0       0       0       0       0       0       0       0       0       0       0       0
      Temps:          3       0       0       0       0       0       0       0       0       0       0       0       0       0       0       0       0
      Totals:         7       0       0       0       0       0       0       0       0       0       0       0       0       0       0       0       0
Total ram usage:        7 bytes
 Hardware stack levels used:    1
 Hardware stack levels required when called:    5
 This function calls:
		_buf_push
		_disable_rxtx
		_enable_rxtx
 This function is called by:
		_send_packet
		_send_empty_spaces_packet
 This function uses a non-reentrant model


 *************** function _buf_push *****************
 Defined at:
		line 162 in file "main.c"
 Parameters:    Size  Location     Type
  v               1    wreg     unsigned char 
  buf             1   12[COMRAM] enum E4993
 Auto vars:     Size  Location     Type
  v               1   15[COMRAM] unsigned char 
 Return value:  Size  Location     Type
                  1    wreg      void 
 Registers used:
		wreg, fsr2l, fsr2h, status,2, status,0
 Tracked objects:
		On entry : 
		On exit  : 
		Unchanged: 
 Data sizes:     COMRAM   BANK0   BANK1   BANK2   BANK3   BANK4   BANK5   BANK6   BANK7   BANK8   BANK9  BANK10  BANK11  BANK12  BANK13  BANK14  BANK15
      Params:         1       0       0       0       0       0       0       0       0       0       0       0       0       0       0       0       0
      Locals:         1       0       0       0       0       0       0       0       0       0       0       0       0       0       0       0       0
      Temps:          2       0       0       0       0       0       0       0       0       0       0       0       0       0       0       0       0
      Totals:         4       0       0       0       0       0       0       0       0       0       0       0       0       0       0       0       0
Total ram usage:        4 bytes
 Hardware stack levels used:    1
 Hardware stack levels required when called:    4
 This function calls:
		Nothing
 This function is called by:
		_fill_outbuffer
 This function uses a non-reentrant model


 *************** function _read_packet *****************
 Defined at:
		line 384 in file "main.c"
 Parameters:    Size  Location     Type
		None
 Auto vars:     Size  Location     Type
		None
 Return value:  Size  Location     Type
                  1    wreg      void 
 Registers used:
		wreg, fsr0l, fsr0h, fsr1l, fsr1h, fsr2l, fsr2h, status,2, status,0, prodl, prodh, cstack
 Tracked objects:
		On entry : 
		On exit  : 
		Unchanged: 
 Data sizes:     COMRAM   BANK0   BANK1   BANK2   BANK3   BANK4   BANK5   BANK6   BANK7   BANK8   BANK9  BANK10  BANK11  BANK12  BANK13  BANK14  BANK15
      Params:         0       0       0       0       0       0       0       0       0       0       0       0       0       0       0       0       0
      Locals:         0       0       0       0       0       0       0       0       0       0       0       0       0       0       0       0       0
      Temps:          0       0       0       0       0       0       0       0       0       0       0       0       0       0       0       0       0
      Totals:         0       0       0       0       0       0       0       0       0       0       0       0       0       0       0       0       0
Total ram usage:        0 bytes
 Hardware stack levels used:    1
 Hardware stack levels required when called:    8
 This function calls:
		_execute_command
		_licence_to_int
		_park_spot_to_int
 This function is called by:
		_main
 This function uses a non-reentrant model


 *************** function _park_spot_to_int *****************
 Defined at:
		line 536 in file "main.c"
 Parameters:    Size  Location     Type
  a               1    wreg     unsigned char 
  b               1   18[COMRAM] unsigned char 
 Auto vars:     Size  Location     Type
  a               1   23[COMRAM] unsigned char 
 Return value:  Size  Location     Type
                  1    wreg      void 
 Registers used:
		wreg, status,2, status,0, prodl, prodh, cstack
 Tracked objects:
		On entry : 
		On exit  : 
		Unchanged: 
 Data sizes:     COMRAM   BANK0   BANK1   BANK2   BANK3   BANK4   BANK5   BANK6   BANK7   BANK8   BANK9  BANK10  BANK11  BANK12  BANK13  BANK14  BANK15
      Params:         1       0       0       0       0       0       0       0       0       0       0       0       0       0       0       0       0
      Locals:         1       0       0       0       0       0       0       0       0       0       0       0       0       0       0       0       0
      Temps:          4       0       0       0       0       0       0       0       0       0       0       0       0       0       0       0       0
      Totals:         6       0       0       0       0       0       0       0       0       0       0       0       0       0       0       0       0
Total ram usage:        6 bytes
 Hardware stack levels used:    1
 Hardware stack levels required when called:    5
 This function calls:
		___wmul
 This function is called by:
		_read_packet
 This function uses a non-reentrant model


 *************** function _licence_to_int *****************
 Defined at:
		line 528 in file "main.c"
 Parameters:    Size  Location     Type
  a               1    wreg     unsigned char 
  b               1   18[COMRAM] unsigned char 
  c               1   19[COMRAM] unsigned char 
 Auto vars:     Size  Location     Type
  a               1   24[COMRAM] unsigned char 
 Return value:  Size  Location     Type
                  1    wreg      void 
 Registers used:
		wreg, status,2, status,0, prodl, prodh, cstack
 Tracked objects:
		On entry : 
		On exit  : 
		Unchanged: 
 Data sizes:     COMRAM   BANK0   BANK1   BANK2   BANK3   BANK4   BANK5   BANK6   BANK7   BANK8   BANK9  BANK10  BANK11  BANK12  BANK13  BANK14  BANK15
      Params:         2       0       0       0       0       0       0       0       0       0       0       0       0       0       0       0       0
      Locals:         1       0       0       0       0       0       0       0       0       0       0       0       0       0       0       0       0
      Temps:          4       0       0       0       0       0       0       0       0       0       0       0       0       0       0       0       0
      Totals:         7       0       0       0       0       0       0       0       0       0       0       0       0       0       0       0       0
Total ram usage:        7 bytes
 Hardware stack levels used:    1
 Hardware stack levels required when called:    5
 This function calls:
		___wmul
 This function is called by:
		_read_packet
 This function uses a non-reentrant model


 *************** function _execute_command *****************
 Defined at:
		line 855 in file "main.c"
 Parameters:    Size  Location     Type
  message         1    wreg     unsigned char 
  plateNumber     2    0[BANK1 ] int 
  slotNumber      2    2[BANK1 ] int 
 Auto vars:     Size  Location     Type
  message         1   65[COMRAM] unsigned char 
 Return value:  Size  Location     Type
                  1    wreg      void 
 Registers used:
		wreg, fsr0l, fsr0h, fsr1l, fsr1h, fsr2l, fsr2h, status,2, status,0, prodl, prodh, cstack
 Tracked objects:
		On entry : 
		On exit  : 
		Unchanged: 
 Data sizes:     COMRAM   BANK0   BANK1   BANK2   BANK3   BANK4   BANK5   BANK6   BANK7   BANK8   BANK9  BANK10  BANK11  BANK12  BANK13  BANK14  BANK15
      Params:         0       0       4       0       0       0       0       0       0       0       0       0       0       0       0       0       0
      Locals:         1       0       0       0       0       0       0       0       0       0       0       0       0       0       0       0       0
      Temps:          0       0       2       0       0       0       0       0       0       0       0       0       0       0       0       0       0
      Totals:         1       0       6       0       0       0       0       0       0       0       0       0       0       0       0       0       0
Total ram usage:        7 bytes
 Hardware stack levels used:    1
 Hardware stack levels required when called:    7
 This function calls:
		_exit
		_park_the_car
		_reserve_the_lot
 This function is called by:
		_read_packet
 This function uses a non-reentrant model


 *************** function _reserve_the_lot *****************
 Defined at:
		line 671 in file "main.c"
 Parameters:    Size  Location     Type
  carToReserve    2   24[COMRAM] int 
  slotNumber      2   26[COMRAM] int 
 Auto vars:     Size  Location     Type
  msg             8   34[COMRAM] struct out_msg
  successful_r    2   32[COMRAM] int 
 Return value:  Size  Location     Type
                  1    wreg      void 
 Registers used:
		wreg, fsr0l, fsr0h, fsr1l, fsr1h, fsr2l, fsr2h, status,2, status,0, prodl, prodh, cstack
 Tracked objects:
		On entry : 
		On exit  : 
		Unchanged: 
 Data sizes:     COMRAM   BANK0   BANK1   BANK2   BANK3   BANK4   BANK5   BANK6   BANK7   BANK8   BANK9  BANK10  BANK11  BANK12  BANK13  BANK14  BANK15
      Params:         4       0       0       0       0       0       0       0       0       0       0       0       0       0       0       0       0
      Locals:        10       0       0       0       0       0       0       0       0       0       0       0       0       0       0       0       0
      Temps:          4       0       0       0       0       0       0       0       0       0       0       0       0       0       0       0       0
      Totals:        18       0       0       0       0       0       0       0       0       0       0       0       0       0       0       0       0
Total ram usage:       18 bytes
 Hardware stack levels used:    1
 Hardware stack levels required when called:    5
 This function calls:
		___wmul
		_push_msg_queue
 This function is called by:
		_execute_command
 This function uses a non-reentrant model


 *************** function _park_the_car *****************
 Defined at:
		line 583 in file "main.c"
 Parameters:    Size  Location     Type
  carToPark       2   24[COMRAM] int 
 Auto vars:     Size  Location     Type
  msg             8   30[COMRAM] struct out_msg
  i               2   54[COMRAM] int 
  i               2   52[COMRAM] int 
  i               2   50[COMRAM] int 
  i               2   48[COMRAM] int 
  i               2   46[COMRAM] int 
  msg             8   38[COMRAM] struct out_msg
  park_lot        3    0        PTR struct ParkingLot
  flag            2   28[COMRAM] int 
 Return value:  Size  Location     Type
                  1    wreg      void 
 Registers used:
		wreg, fsr0l, fsr0h, fsr1l, fsr1h, fsr2l, fsr2h, status,2, status,0, prodl, prodh, cstack
 Tracked objects:
		On entry : 
		On exit  : 
		Unchanged: 
 Data sizes:     COMRAM   BANK0   BANK1   BANK2   BANK3   BANK4   BANK5   BANK6   BANK7   BANK8   BANK9  BANK10  BANK11  BANK12  BANK13  BANK14  BANK15
      Params:         2       0       0       0       0       0       0       0       0       0       0       0       0       0       0       0       0
      Locals:        28       0       0       0       0       0       0       0       0       0       0       0       0       0       0       0       0
      Temps:          2       0       0       0       0       0       0       0       0       0       0       0       0       0       0       0       0
      Totals:        32       0       0       0       0       0       0       0       0       0       0       0       0       0       0       0       0
Total ram usage:       32 bytes
 Hardware stack levels used:    1
 Hardware stack levels required when called:    5
 This function calls:
		___wmul
		_level_to_index
		_push_car_queue
		_push_msg_queue
 This function is called by:
		_execute_command
 This function uses a non-reentrant model


 *************** function _push_car_queue *****************
 Defined at:
		line 542 in file "main.c"
 Parameters:    Size  Location     Type
  licence_num     2   12[COMRAM] int 
 Auto vars:     Size  Location     Type
		None
 Return value:  Size  Location     Type
                  1    wreg      void 
 Registers used:
		wreg, fsr2l, fsr2h, status,2, status,0
 Tracked objects:
		On entry : 
		On exit  : 
		Unchanged: 
 Data sizes:     COMRAM   BANK0   BANK1   BANK2   BANK3   BANK4   BANK5   BANK6   BANK7   BANK8   BANK9  BANK10  BANK11  BANK12  BANK13  BANK14  BANK15
      Params:         2       0       0       0       0       0       0       0       0       0       0       0       0       0       0       0       0
      Locals:         0       0       0       0       0       0       0       0       0       0       0       0       0       0       0       0       0
      Temps:          2       0       0       0       0       0       0       0       0       0       0       0       0       0       0       0       0
      Totals:         4       0       0       0       0       0       0       0       0       0       0       0       0       0       0       0       0
Total ram usage:        4 bytes
 Hardware stack levels used:    1
 Hardware stack levels required when called:    4
 This function calls:
		Nothing
 This function is called by:
		_park_the_car
 This function uses a non-reentrant model


 *************** function _exit *****************
 Defined at:
		line 749 in file "main.c"
 Parameters:    Size  Location     Type
  carToExit       2   24[COMRAM] int 
 Auto vars:     Size  Location     Type
  msg             8   32[COMRAM] struct out_msg
  space_msg       8   52[COMRAM] struct out_msg
  popped_car      2   48[COMRAM] int 
  i               2   63[COMRAM] int 
  i               2   50[COMRAM] int 
  msg             8   40[COMRAM] struct out_msg
  exit_car_slo    2   61[COMRAM] int 
  entranceTime    2   30[COMRAM] int 
  fee             2   28[COMRAM] int 
  exit_car_lev    1   60[COMRAM] unsigned char 
 Return value:  Size  Location     Type
                  1    wreg      void 
 Registers used:
		wreg, fsr0l, fsr0h, fsr1l, fsr1h, fsr2l, fsr2h, status,2, status,0, prodl, prodh, cstack
 Tracked objects:
		On entry : 
		On exit  : 
		Unchanged: 
 Data sizes:     COMRAM   BANK0   BANK1   BANK2   BANK3   BANK4   BANK5   BANK6   BANK7   BANK8   BANK9  BANK10  BANK11  BANK12  BANK13  BANK14  BANK15
      Params:         2       0       0       0       0       0       0       0       0       0       0       0       0       0       0       0       0
      Locals:        37       0       0       0       0       0       0       0       0       0       0       0       0       0       0       0       0
      Temps:          2       0       0       0       0       0       0       0       0       0       0       0       0       0       0       0       0
      Totals:        41       0       0       0       0       0       0       0       0       0       0       0       0       0       0       0       0
Total ram usage:       41 bytes
 Hardware stack levels used:    1
 Hardware stack levels required when called:    6
 This function calls:
		___wmul
		_calculateFee
		_level_to_index
		_pop_car_queue
		_push_msg_queue
 This function is called by:
		_execute_command
 This function uses a non-reentrant model


 *************** function _push_msg_queue *****************
 Defined at:
		line 561 in file "main.c"
 Parameters:    Size  Location     Type
  msg             8   12[COMRAM] struct out_msg
 Auto vars:     Size  Location     Type
  next_tail       2   22[COMRAM] int 
 Return value:  Size  Location     Type
                  1    wreg      void 
 Registers used:
		wreg, fsr1l, fsr1h, fsr2l, fsr2h, status,2, status,0
 Tracked objects:
		On entry : 
		On exit  : 
		Unchanged: 
 Data sizes:     COMRAM   BANK0   BANK1   BANK2   BANK3   BANK4   BANK5   BANK6   BANK7   BANK8   BANK9  BANK10  BANK11  BANK12  BANK13  BANK14  BANK15
      Params:         8       0       0       0       0       0       0       0       0       0       0       0       0       0       0       0       0
      Locals:         2       0       0       0       0       0       0       0       0       0       0       0       0       0       0       0       0
      Temps:          2       0       0       0       0       0       0       0       0       0       0       0       0       0       0       0       0
      Totals:        12       0       0       0       0       0       0       0       0       0       0       0       0       0       0       0       0
Total ram usage:       12 bytes
 Hardware stack levels used:    1
 Hardware stack levels required when called:    4
 This function calls:
		Nothing
 This function is called by:
		_park_the_car
		_reserve_the_lot
		_exit
 This function uses a non-reentrant model


 *************** function _pop_car_queue *****************
 Defined at:
		line 551 in file "main.c"
 Parameters:    Size  Location     Type
		None
 Auto vars:     Size  Location     Type
  licence         2   16[COMRAM] int 
 Return value:  Size  Location     Type
                  2   12[COMRAM] int 
 Registers used:
		wreg, fsr2l, fsr2h, status,2, status,0
 Tracked objects:
		On entry : 
		On exit  : 
		Unchanged: 
 Data sizes:     COMRAM   BANK0   BANK1   BANK2   BANK3   BANK4   BANK5   BANK6   BANK7   BANK8   BANK9  BANK10  BANK11  BANK12  BANK13  BANK14  BANK15
      Params:         2       0       0       0       0       0       0       0       0       0       0       0       0       0       0       0       0
      Locals:         2       0       0       0       0       0       0       0       0       0       0       0       0       0       0       0       0
      Temps:          2       0       0       0       0       0       0       0       0       0       0       0       0       0       0       0       0
[...]


 *************** function _init_serial *****************
 Defined at:
		line 268 in file "main.c"
 Parameters:    Size  Location     Type
		None
 Auto vars:     Size  Location     Type
		None
 Return value:  Size  Location     Type
                  1    wreg      void 
 Registers used:
		wreg, status,2
 Tracked objects:
		On entry : 
		On exit  : 
		Unchanged: 
 Data sizes:     COMRAM   BANK0   BANK1   BANK2   BANK3   BANK4   BANK5   BANK6   BANK7   BANK8   BANK9  BANK10  BANK11  BANK12  BANK13  BANK14  BANK15
      Params:         0       0       0       0       0       0       0       0       0       0       0       0       0       0       0       0       0
      Locals:         0       0       0       0       0       0       0       0       0       0       0       0       0       0       0       0       0
      Temps:          0       0       0       0       0       0       0       0       0       0       0       0       0       0       0       0       0
      Totals:         0       0       0       0       0       0       0       0       0       0       0       0       0       0       0       0       0
Total ram usage:        0 bytes
 Hardware stack levels used:    1
 Hardware stack levels required when called:    4
 This function calls:
		Nothing
 This function is called by:
		_main
 This function uses a non-reentrant model


 *************** function _init_ports *****************
 Defined at:
		line 256 in file "main.c"
 Parameters:    Size  Location     Type
		None
 Auto vars:     Size  Location     Type
		None
 Return value:  Size  Location     Type
                  1    wreg      void 
 Registers used:
		wreg, status,2
 Tracked objects:
		On entry : 
		On exit  : 
		Unchanged: 
 Data sizes:     COMRAM   BANK0   BANK1   BANK2   BANK3   BANK4   BANK5   BANK6   BANK7   BANK8   BANK9  BANK10  BANK11  BANK12  BANK13  BANK14  BANK15
      Params:         0       0       0       0       0       0       0       0       0       0       0       0       0       0       0       0       0
      Locals:         0       0       0       0       0       0       0       0       0       0       0       0       0       0       0       0       0
      Temps:          0       0       0       0       0       0       0       0       0       0       0       0       0       0       0       0       0
      Totals:         0       0       0       0       0       0       0       0       0       0       0       0       0       0       0       0       0
Total ram usage:        0 bytes
 Hardware stack levels used:    1
 Hardware stack levels required when called:    4
 This function calls:
		Nothing
 This function is called by:
		_main
 This function uses a non-reentrant model


 *************** function _init_parking_lots *****************
 Defined at:
		line 287 in file "main.c"
 Parameters:    Size  Location     Type
		None
 Auto vars:     Size  Location     Type
  i               2   18[COMRAM] int 
 Return value:  Size  Location     Type
                  1    wreg      void 
 Registers used:
		wreg, fsr2l, fsr2h, status,2, status,0, prodl, prodh, cstack
 Tracked objects:
		On entry : 
		On exit  : 
		Unchanged: 
 Data sizes:     COMRAM   BANK0   BANK1   BANK2   BANK3   BANK4   BANK5   BANK6   BANK7   BANK8   BANK9  BANK10  BANK11  BANK12  BANK13  BANK14  BANK15
      Params:         0       0       0       0       0       0       0       0       0       0       0       0       0       0       0       0       0
      Locals:         2       0       0       0       0       0       0       0       0       0       0       0       0       0       0       0       0
      Temps:          0       0       0       0       0       0       0       0       0       0       0       0       0       0       0       0       0
      Totals:         2       0       0       0       0       0       0       0       0       0       0       0       0       0       0       0       0
Total ram usage:        2 bytes
 Hardware stack levels used:    1
 Hardware stack levels required when called:    5
 This function calls:
		___wmul
 This function is called by:
		_main
 This function uses a non-reentrant model


 *************** function ___wmul *****************
 Defined at:
		line 15 in file "C:\Program Files\Microchip\xc8\v2.30\pic\sources\c99\common\Umul16.c"
 Parameters:    Size  Location     Type
  multiplier      2   12[COMRAM] unsigned int 
  multiplicand    2   14[COMRAM] unsigned int 
 Auto vars:     Size  Location     Type
  product         2   16[COMRAM] unsigned int 
 Return value:  Size  Location     Type
                  2   12[COMRAM] unsigned int 
 Registers used:
		wreg, status,2, status,0, prodl, prodh
 Tracked objects:
		On entry : 
		On exit  : 
		Unchanged: 
 Data sizes:     COMRAM   BANK0   BANK1   BANK2   BANK3   BANK4   BANK5   BANK6   BANK7   BANK8   BANK9  BANK10  BANK11  BANK12  BANK13  BANK14  BANK15
      Params:         4       0       0       0       0       0       0       0       0       0       0       0       0       0       0       0       0
      Locals:         2       0       0       0       0       0       0       0       0       0       0       0       0       0       0       0       0
      Temps:          0       0       0       0       0       0       0       0       0       0       0       0       0       0       0       0       0
      Totals:         6       0       0       0       0       0       0       0       0       0       0       0       0       0       0       0       0
Total ram usage:        6 bytes
 Hardware stack levels used:    1
 Hardware stack levels required when called:    4
 This function calls:
		Nothing
 This function is called by:
		_init_parking_lots
		_licence_to_int
		_park_spot_to_int
		_park_the_car
		_reserve_the_lot
		_exit
 This function uses a non-reentrant model


 *************** function _init_adc *****************
 Defined at:
		line 942 in file "main.c"
 Parameters:    Size  Location     Type
		None
 Auto vars:     Size  Location     Type
		None
 Return value:  Size  Location     Type
                  1    wreg      void 
 Registers used:
		wreg, status,2
 Tracked objects:
		On entry : 
		On exit  : 
		Unchanged: 
 Data sizes:     COMRAM   BANK0   BANK1   BANK2   BANK3   BANK4   BANK5   BANK6   BANK7   BANK8   BANK9  BANK10  BANK11  BANK12  BANK13  BANK14  BANK15
      Params:         0       0       0       0       0       0       0       0       0       0       0       0       0       0       0       0       0
      Locals:         0       0       0       0       0       0       0       0       0       0       0       0       0       0       0       0       0
      Temps:          0       0       0       0       0       0       0       0       0       0       0       0       0       0       0       0       0
      Totals:         0       0       0       0       0       0       0       0       0       0       0       0       0       0       0       0       0
Total ram usage:        0 bytes
 Hardware stack levels used:    1
 Hardware stack levels required when called:    4
 This function calls:
		Nothing
 This function is called by:
		_main
 This function uses a non-reentrant model


 *************** function _high_priority_isr *****************
 Defined at:
		line 207 in file "main.c"
 Parameters:    Size  Location     Type
		None
 Auto vars:     Size  Location     Type
  portb           1   11[COMRAM] unsigned char 
 Return value:  Size  Location     Type
                  1    wreg      void 
 Registers used:
		wreg, fsr1l, fsr1h, fsr2l, fsr2h, status,2, status,0, cstack
 Tracked objects:
		On entry : 
		On exit  : 
		Unchanged: 
 Data sizes:     COMRAM   BANK0   BANK1   BANK2   BANK3   BANK4   BANK5   BANK6   BANK7   BANK8   BANK9  BANK10  BANK11  BANK12  BANK13  BANK14  BANK15
      Params:         0       0       0       0       0       0       0       0       0       0       0       0       0       0       0       0       0
      Locals:         1       0       0       0       0       0       0       0       0       0       0       0       0       0       0       0       0
      Temps:          4       0       0       0       0       0       0       0       0       0       0       0       0       0       0       0       0
      Totals:         5       0       0       0       0       0       0       0       0       0       0       0       0       0       0       0       0
Total ram usage:        5 bytes
 Hardware stack levels used:    1
 Hardware stack levels required when called:    3
 This function calls:
		_adc_isr
		_receive_isr
		_transmit_isr
 This function is called by:
		Interrupt level 2
 This function uses a non-reentrant model


 *************** function _transmit_isr *****************
 Defined at:
		line 190 in file "main.c"
 Parameters:    Size  Location     Type
		None
 Auto vars:     Size  Location     Type
		None
 Return value:  Size  Location     Type
                  1    wreg      void 
 Registers used:
		wreg, fsr1l, fsr1h, fsr2l, fsr2h, status,2, status,0, cstack
 Tracked objects:
		On entry : 
		On exit  : 
		Unchanged: 
 Data sizes:     COMRAM   BANK0   BANK1   BANK2   BANK3   BANK4   BANK5   BANK6   BANK7   BANK8   BANK9  BANK10  BANK11  BANK12  BANK13  BANK14  BANK15
      Params:         0       0       0       0       0       0       0       0       0       0       0       0       0       0       0       0       0
      Locals:         0       0       0       0       0       0       0       0       0       0       0       0       0       0       0       0       0
      Temps:          0       0       0       0       0       0       0       0       0       0       0       0       0       0       0       0       0
      Totals:         0       0       0       0       0       0       0       0       0       0       0       0       0       0       0       0       0
Total ram usage:        0 bytes
 Hardware stack levels used:    1
 Hardware stack levels required when called:    2
 This function calls:
		_buf_isempty
		_buf_pop
 This function is called by:
		_high_priority_isr
 This function uses a non-reentrant model


 *************** function _buf_pop *****************
 Defined at:
		line 171 in file "main.c"
 Parameters:    Size  Location     Type
  buf             1    wreg     enum E4993
 Auto vars:     Size  Location     Type
  buf             1    6[COMRAM] enum E4993
  v               1    5[COMRAM] unsigned char 
 Return value:  Size  Location     Type
                  1    wreg      unsigned char 
 Registers used:
		wreg, fsr1l, fsr1h, fsr2l, fsr2h, status,2, status,0, cstack
 Tracked objects:
		On entry : 
		On exit  : 
		Unchanged: 
 Data sizes:     COMRAM   BANK0   BANK1   BANK2   BANK3   BANK4   BANK5   BANK6   BANK7   BANK8   BANK9  BANK10  BANK11  BANK12  BANK13  BANK14  BANK15
      Params:         0       0       0       0       0       0       0       0       0       0       0       0       0       0       0       0       0
      Locals:         0       0       0       0       0       0       0       0       0       0       0       0       0       0       0       0       0
      Temps:          0       0       0       0       0       0       0       0       0       0       0       0       0       0       0       0       0
      Totals:         0       0       0       0       0       0       0       0       0       0       0       0       0       0       0       0       0
Total ram usage:        0 bytes
 Hardware stack levels used:    1
 Hardware stack levels required when called:    5
 This function calls:
		_buf_isempty
 This function is called by:
		_transmit_isr
		_packet_task
		_output_task
 This function uses a non-reentrant model


 *************** function _buf_isempty *****************
 Defined at:
		line 155 in file "main.c"
 Parameters:    Size  Location     Type
  buf             1    wreg     enum E4993
 Auto vars:     Size  Location     Type
  buf             1    2[COMRAM] enum E4993
 Return value:  Size  Location     Type
                  1    wreg      unsigned char 
 Registers used:
		wreg, fsr1l, fsr1h, fsr2l, fsr2h, status,2, status,0
 Tracked objects:
		On entry : 
		On exit  : 
		Unchanged: 
 Data sizes:     COMRAM   BANK0   BANK1   BANK2   BANK3   BANK4   BANK5   BANK6   BANK7   BANK8   BANK9  BANK10  BANK11  BANK12  BANK13  BANK14  BANK15
      Params:         0       0       0       0       0       0       0       0       0       0       0       0       0       0       0       0       0
      Locals:         0       0       0       0       0       0       0       0       0       0       0       0       0       0       0       0       0
      Temps:          0       0       0       0       0       0       0       0       0       0       0       0       0       0       0       0       0
      Totals:         0       0       0       0       0       0       0       0       0       0       0       0       0       0       0       0       0
Total ram usage:        0 bytes
 Hardware stack levels used:    1
 Hardware stack levels required when called:    4
 This function calls:
		Nothing
 This function is called by:
		_buf_pop
		_transmit_isr
		_packet_task
		_output_task
 This function uses a non-reentrant model


 *************** function _receive_isr *****************
 Defined at:
		line 186 in file "main.c"
 Parameters:    Size  Location     Type
		None
 Auto vars:     Size  Location     Type
		None
 Return value:  Size  Location     Type
                  1    wreg      void 
 Registers used:
		wreg, fsr2l, fsr2h, status,2, status,0, cstack
 Tracked objects:
		On entry : 
		On exit  : 
		Unchanged: 
 Data sizes:     COMRAM   BANK0   BANK1   BANK2   BANK3   BANK4   BANK5   BANK6   BANK7   BANK8   BANK9  BANK10  BANK11  BANK12  BANK13  BANK14  BANK15
      Params:         0       0       0       0       0       0       0       0       0       0       0       0       0       0       0       0       0
      Locals:         0       0       0       0       0       0       0       0       0       0       0       0       0       0       0       0       0
      Temps:          0       0       0       0       0       0       0       0       0       0       0       0       0       0       0       0       0
      Totals:         0       0       0       0       0       0       0       0       0       0       0       0       0       0       0       0       0
Total ram usage:        0 bytes
 Hardware stack levels used:    1
 Hardware stack levels required when called:    1
 This function calls:
		i2_buf_push
 This function is called by:
		_high_priority_isr
 This function uses a non-reentrant model


 *************** function i2_buf_push *****************
 Defined at:
		line 162 in file "main.c"
 Parameters:    Size  Location     Type
  v               1    wreg     unsigned char 
  buf             1    0[COMRAM] enum E4993
 Auto vars:     Size  Location     Type
  v               1    3[COMRAM] unsigned char 
 Return value:  Size  Location     Type
                  1    wreg      void 
 Registers used:
		wreg, fsr2l, fsr2h, status,2, status,0
 Tracked objects:
		On entry : 
		On exit  : 
		Unchanged: 
 Data sizes:     COMRAM   BANK0   BANK1   BANK2   BANK3   BANK4   BANK5   BANK6   BANK7   BANK8   BANK9  BANK10  BANK11  BANK12  BANK13  BANK14  BANK15
      Params:         1       0       0       0       0       0       0       0       0       0       0       0       0       0       0       0       0
      Locals:         1       0       0       0       0       0       0       0       0       0       0       0       0       0       0       0       0
      Temps:          2       0       0       0       0       0       0       0       0       0       0       0       0       0       0       0       0
      Totals:         4       0       0       0       0       0       0       0       0       0       0       0       0       0       0       0       0
Total ram usage:        4 bytes
 Hardware stack levels used:    1
 This function calls:
		Nothing
 This function is called by:
		_receive_isr
 This function uses a non-reentrant model


 *************** function _adc_isr *****************
 Defined at:
		line 200 in file "main.c"
 Parameters:    Size  Location     Type
		None
 Auto vars:     Size  Location     Type
		None
 Return value:  Size  Location     Type
                  1    wreg      void 
 Registers used:
		wreg, status,2
 Tracked objects:
		On entry : 
		On exit  : 
		Unchanged: 
 Data sizes:     COMRAM   BANK0   BANK1   BANK2   BANK3   BANK4   BANK5   BANK6   BANK7   BANK8   BANK9  BANK10  BANK11  BANK12  BANK13  BANK14  BANK15
      Params:         0       0       0       0       0       0       0       0       0       0       0       0       0       0       0       0       0
      Locals:         0       0       0       0       0       0       0       0       0       0       0       0       0       0       0       0       0
      Temps:          0       0       0       0       0       0       0       0       0       0       0       0       0       0       0       0       0
      Totals:         0       0       0       0       0       0       0       0       0       0       0       0       0       0       0       0       0
Total ram usage:        0 bytes
 Hardware stack levels used:    1
 This function calls:
		Nothing
 This function is called by:
		_high_priority_isr
 This function uses a non-reentrant model



MODULE INFORMATION

Module		Function		Class		Link	Load	Size
C:\Program Files\Microchip\xc8\v2.30\pic\sources\c99\common\awmod.c
		___awmod       		CODE           	20EE	0000	176

C:\Program Files\Microchip\xc8\v2.30\pic\sources\c99\common\awmod.c estimated size: 176

C:\Program Files\Microchip\xc8\v2.30\pic\sources\c99\common\Umul16.c
		___wmul        		CODE           	2950	0000	38

C:\Program Files\Microchip\xc8\v2.30\pic\sources\c99\common\Umul16.c estimated size: 38

C:\Program Files\Microchip\xc8\v2.30\pic\sources\c99\common\awdiv.c
		___awdiv       		CODE           	1F7A	0000	196

C:\Program Files\Microchip\xc8\v2.30\pic\sources\c99\common\awdiv.c estimated size: 196

shared
		i2_buf_push    		CODE           	240C	0000	152
		__initialization		CODE           	2242	0000	144

shared estimated size: 296

main.c
		_push_car_queue		CODE           	27E2	0000	78
		_init_parking_lots		CODE           	19E4	0000	362
		_licence_to_int		CODE           	2612	0000	112
		_exit          		CODE           	0012	0000	1826
		_int_to_char   		CODE           	2868	0000	54
		_disable_rxtx  		CODE           	29E0	0000	6
		_main          		CODE           	15EE	0000	550
		_init_ports    		CODE           	2990	0000	26
		_park_the_car  		CODE           	0734	0000	1546
		_buf_isempty   		CODE           	2682	0000	96
		_reserve_the_lot		CODE           	0D3E	0000	1390
		_send_packet   		CODE           	12AC	0000	834
		_calculateFee  		CODE           	28D0	0000	46
		_init_serial   		CODE           	2976	0000	26
		_packet_task   		CODE           	1C86	0000	276
		_level_to_index		CODE           	25A0	0000	114
		_high_priority_isr		CODE           	0008	0000	318
		_init_adc      		CODE           	29AA	0000	14
		_receive_isr   		CODE           	29B8	0000	14
		_pop_car_queue 		CODE           	26E2	0000	90
		_park_spot_to_int		CODE           	2794	0000	78
		_execute_command		CODE           	203E	0000	176
		_fill_outbuffer		CODE           	22DC	0000	152
		_buf_pop       		CODE           	1EA2	0000	216
		_send_empty_spaces_packet		CODE           	273C	0000	88
		_adc_isr       		CODE           	29C6	0000	14
		_int_to_7segment		CODE           	1D9A	0000	264
		_output_task   		CODE           	2830	0000	56
		_buf_push      		CODE           	2374	0000	152
		_enable_rxtx   		CODE           	29DA	0000	6
		_read_packet   		CODE           	1814	0000	464
		_push_msg_queue		CODE           	252C	0000	116
		_pop_msg_queue 		CODE           	219E	0000	164
		_set_digit_pin 		CODE           	24A4	0000	136
		_init_timer_and_pie		CODE           	28FE	0000	42
		_transmit_isr  		CODE           	2928	0000	40

main.c estimated size: 9942

